<?xml version="1.0" encoding="UTF-8"?>
<testsuite name="T-SQL Analysis - Unknown" timestamp="2025-11-22T09:16:31.976265" tests="5" failures="1" errors="0" skipped="0" time="0.1"><testcase classname="T-SQL Analysis.Security" name="SecurityScore" time="0.01" /><testcase classname="T-SQL Analysis.Security" name="SQLInjectionRisks" time="0.01" /><testcase classname="T-SQL Analysis.Quality" name="QualityScore" time="0.01" /><testcase classname="T-SQL Analysis.Quality" name="ErrorHandling" time="0.01"><failure message="No TRY-CATCH block found" type="MissingErrorHandling">Stored procedure lacks error handling. Add TRY-CATCH blocks.</failure></testcase><testcase classname="T-SQL Analysis.Performance" name="PerformanceScore" time="0.01" /></testsuite>